mode: set
polyglot-codebase/go-service/middleware/correlation.go:34.62,35.71 1 1
polyglot-codebase/go-service/middleware/correlation.go:35.71,61.3 12 1
polyglot-codebase/go-service/middleware/correlation.go:64.61,66.58 2 1
polyglot-codebase/go-service/middleware/correlation.go:66.58,68.3 1 1
polyglot-codebase/go-service/middleware/correlation.go:69.2,69.32 1 1
polyglot-codebase/go-service/middleware/correlation.go:72.50,74.2 1 1
polyglot-codebase/go-service/middleware/correlation.go:76.52,78.25 2 1
polyglot-codebase/go-service/middleware/correlation.go:78.25,80.3 1 1
polyglot-codebase/go-service/middleware/correlation.go:82.2,91.38 2 1
polyglot-codebase/go-service/middleware/correlation.go:94.37,96.2 1 1
polyglot-codebase/go-service/middleware/correlation.go:98.43,99.35 1 1
polyglot-codebase/go-service/middleware/correlation.go:99.35,101.3 1 1
polyglot-codebase/go-service/middleware/correlation.go:102.2,102.37 1 1
polyglot-codebase/go-service/middleware/correlation.go:105.56,111.2 4 1
polyglot-codebase/go-service/middleware/correlation.go:113.25,115.39 2 1
polyglot-codebase/go-service/middleware/correlation.go:115.39,116.64 1 1
polyglot-codebase/go-service/middleware/correlation.go:116.64,118.4 1 1
polyglot-codebase/go-service/middleware/correlation.go:122.50,127.13 4 1
polyglot-codebase/go-service/middleware/correlation.go:127.13,129.3 1 0
polyglot-codebase/go-service/middleware/correlation.go:131.2,133.15 3 1
polyglot-codebase/go-service/middleware/correlation.go:136.44,141.33 4 1
polyglot-codebase/go-service/middleware/correlation.go:141.33,145.3 3 1
polyglot-codebase/go-service/middleware/correlation.go:146.2,146.15 1 1
polyglot-codebase/go-service/middleware/correlation.go:154.49,157.2 2 1
polyglot-codebase/go-service/middleware/validation.go:30.67,33.19 2 1
polyglot-codebase/go-service/middleware/validation.go:33.19,39.3 1 1
polyglot-codebase/go-service/middleware/validation.go:39.8,39.42 1 1
polyglot-codebase/go-service/middleware/validation.go:39.42,45.3 1 1
polyglot-codebase/go-service/middleware/validation.go:45.8,45.39 1 1
polyglot-codebase/go-service/middleware/validation.go:45.39,51.3 1 1
polyglot-codebase/go-service/middleware/validation.go:53.2,53.31 1 1
polyglot-codebase/go-service/middleware/validation.go:53.31,59.3 1 1
polyglot-codebase/go-service/middleware/validation.go:61.2,61.66 1 1
polyglot-codebase/go-service/middleware/validation.go:61.66,67.3 1 1
polyglot-codebase/go-service/middleware/validation.go:69.2,70.15 2 1
polyglot-codebase/go-service/middleware/validation.go:73.75,76.22 2 1
polyglot-codebase/go-service/middleware/validation.go:76.22,82.3 1 1
polyglot-codebase/go-service/middleware/validation.go:82.8,82.45 1 1
polyglot-codebase/go-service/middleware/validation.go:82.45,88.3 1 1
polyglot-codebase/go-service/middleware/validation.go:90.2,90.22 1 1
polyglot-codebase/go-service/middleware/validation.go:90.22,96.3 1 1
polyglot-codebase/go-service/middleware/validation.go:96.8,96.45 1 1
polyglot-codebase/go-service/middleware/validation.go:96.45,102.3 1 1
polyglot-codebase/go-service/middleware/validation.go:104.2,105.15 2 1
polyglot-codebase/go-service/middleware/validation.go:108.41,110.26 2 1
polyglot-codebase/go-service/middleware/validation.go:110.26,111.93 1 1
polyglot-codebase/go-service/middleware/validation.go:111.93,112.12 1 1
polyglot-codebase/go-service/middleware/validation.go:114.3,114.66 1 1
polyglot-codebase/go-service/middleware/validation.go:114.66,115.12 1 1
polyglot-codebase/go-service/middleware/validation.go:117.3,117.22 1 1
polyglot-codebase/go-service/middleware/validation.go:119.2,119.24 1 1
polyglot-codebase/go-service/middleware/validation.go:122.43,124.16 2 1
polyglot-codebase/go-service/middleware/validation.go:124.16,126.3 1 0
polyglot-codebase/go-service/middleware/validation.go:127.2,130.57 3 1
polyglot-codebase/go-service/middleware/validation.go:130.57,131.50 1 0
polyglot-codebase/go-service/middleware/validation.go:131.50,133.4 1 0
polyglot-codebase/go-service/middleware/validation.go:134.3,134.44 1 0
polyglot-codebase/go-service/middleware/validation.go:134.44,136.4 1 0
polyglot-codebase/go-service/middleware/validation.go:137.3,137.57 1 0
polyglot-codebase/go-service/middleware/validation.go:137.57,139.4 1 0
polyglot-codebase/go-service/middleware/validation.go:140.3,140.57 1 0
polyglot-codebase/go-service/middleware/validation.go:140.57,142.4 1 0
polyglot-codebase/go-service/middleware/validation.go:144.3,146.46 3 0
polyglot-codebase/go-service/middleware/validation.go:147.8,149.3 1 1
polyglot-codebase/go-service/middleware/validation.go:152.59,153.71 1 1
polyglot-codebase/go-service/middleware/validation.go:153.71,154.34 1 1
polyglot-codebase/go-service/middleware/validation.go:154.34,157.4 2 1
polyglot-codebase/go-service/middleware/validation.go:159.3,160.17 2 1
polyglot-codebase/go-service/middleware/validation.go:160.17,163.4 2 0
polyglot-codebase/go-service/middleware/validation.go:164.3,168.58 4 1
polyglot-codebase/go-service/middleware/validation.go:168.58,169.51 1 0
polyglot-codebase/go-service/middleware/validation.go:169.51,171.5 1 0
polyglot-codebase/go-service/middleware/validation.go:172.4,172.45 1 0
polyglot-codebase/go-service/middleware/validation.go:172.45,174.5 1 0
polyglot-codebase/go-service/middleware/validation.go:175.4,175.58 1 0
polyglot-codebase/go-service/middleware/validation.go:175.58,177.5 1 0
polyglot-codebase/go-service/middleware/validation.go:178.4,178.58 1 0
polyglot-codebase/go-service/middleware/validation.go:178.58,180.5 1 0
polyglot-codebase/go-service/middleware/validation.go:182.4,184.47 3 0
polyglot-codebase/go-service/middleware/validation.go:187.3,187.23 1 1
polyglot-codebase/go-service/middleware/validation.go:191.46,198.2 5 1
polyglot-codebase/go-service/middleware/validation.go:200.30,204.2 3 1
polyglot-codebase/go-service/middleware/validation.go:206.39,208.2 1 1
polyglot-codebase/go-service/middleware/validation.go:210.52,211.22 1 1
polyglot-codebase/go-service/middleware/validation.go:211.22,213.3 1 0
polyglot-codebase/go-service/middleware/validation.go:215.2,220.33 4 1
polyglot-codebase/go-service/middleware/validation.go:220.33,222.3 1 1
